// Jest Snapshot v1, https://goo.gl/fbAQLP

exports[`PostHog React Native autocapture should capture a valid event 1`] = `
Array [
  "touch",
  Array [
    Object {
      "attr__ph-label": "special-text",
      "attr__testID": "example-ph-label",
      "tag_name": "special-text",
    },
    Object {
      "attr__ph-label": "special-text",
      "attr__testID": "example-ph-label",
      "tag_name": "special-text",
    },
    Object {
      "attr__style": "backgroundColor:rgba(0,0,0,.1);padding:15;borderRadius:10;marginBottom:10",
      "tag_name": "View",
    },
    Object {
      "tag_name": "View",
    },
    Object {
      "attr__style": "flex:1",
      "tag_name": "ScrollView",
    },
    Object {
      "attr__style": "flex:1",
      "tag_name": "ScrollView",
    },
    Object {
      "tag_name": "PosthogDemoScreen",
    },
    Object {
      "tag_name": "StaticContainer",
    },
    Object {
      "tag_name": "EnsureSingleNavigator",
    },
    Object {
      "tag_name": "SceneView",
    },
    Object {
      "attr__style": "flex:1",
      "tag_name": "View",
    },
    Object {
      "attr__style": "flex:1;backgroundColor:rgb(242, 242, 242);flexDirection:column-reverse",
      "tag_name": "View",
    },
    Object {
      "attr__style": "flex:1;flexDirection:column-reverse",
      "tag_name": "Background",
    },
    Object {
      "tag_name": "Screen",
    },
    Object {
      "attr__style": "position:absolute;left:0;right:0;top:0;bottom:0;zIndex:0",
      "tag_name": "AnimatedComponent",
    },
    Object {
      "tag_name": "MaybeFreeze",
    },
    Object {
      "attr__style": "position:absolute;left:0;right:0;top:0;bottom:0;zIndex:0",
      "tag_name": "Screen",
    },
    Object {
      "attr__style": "position:absolute;left:0;right:0;top:0;bottom:0;zIndex:0",
      "tag_name": "MaybeScreen",
    },
    Object {
      "attr__style": "flex:1;overflow:hidden",
      "tag_name": "ScreenContainer",
    },
    Object {
      "attr__style": "flex:1;overflow:hidden",
      "tag_name": "MaybeScreenContainer",
    },
  ],
  Object {
    "$touch_x": 1,
    "$touch_y": 2,
  },
]
`;
